[INFO] Scanning for projects...
[INFO] 
[INFO] ---------------------< com.example:PlayerDataSync >---------------------
[INFO] Building PlayerDataSync 26.3.3-SNAPSHOT
[INFO]   from pom.xml
[INFO] --------------------------------[ jar ]---------------------------------
[WARNING] The POM for net.md-5:bungeecord-chat:jar:1.8-SNAPSHOT is missing, no dependency information available
[INFO] 
[INFO] --- clean:3.2.0:clean (default-clean) @ PlayerDataSync ---
[INFO] Deleting D:\PlayerDataSync\target
[INFO] 
[INFO] --- resources:3.3.1:resources (default-resources) @ PlayerDataSync ---
[INFO] Copying 4 resources from src\main\resources to target\classes
[INFO] 
[INFO] --- compiler:3.11.0:compile (default-compile) @ PlayerDataSync ---
[INFO] Changes detected - recompiling the module! :source
[INFO] Compiling 22 source files with javac [debug target 8] to target\classes
[INFO] -------------------------------------------------------------
[WARNING] COMPILATION WARNING : 
[INFO] -------------------------------------------------------------
[WARNING] Bootstrap Classpath nicht zusammen mit -source 8 festgelegt
[WARNING] Quellwert 8 ist veraltet und wird in einem zuk³nftigen Release entfernt
[WARNING] Zielwert 8 ist veraltet und wird in einem zuk³nftigen Release entfernt
[WARNING] Verwenden Sie -Xlint:-options, um Warnungen zu veralteten Optionen zu unterdr³cken.
[INFO] 4 warnings 
[INFO] -------------------------------------------------------------
[INFO] -------------------------------------------------------------
[ERROR] COMPILATION ERROR : 
[INFO] -------------------------------------------------------------
[ERROR] /D:/PlayerDataSync/src/main/java/com/example/playerdatasync/managers/AdvancementSyncManager.java:[4,18] Symbol nicht gefunden
  Symbol: Klasse NamespacedKey
  Ort: Package org.bukkit
[ERROR] /D:/PlayerDataSync/src/main/java/com/example/playerdatasync/managers/AdvancementSyncManager.java:[5,30] Package org.bukkit.advancement ist nicht vorhanden
[ERROR] /D:/PlayerDataSync/src/main/java/com/example/playerdatasync/managers/AdvancementSyncManager.java:[6,30] Package org.bukkit.advancement ist nicht vorhanden
[ERROR] /D:/PlayerDataSync/src/main/java/com/example/playerdatasync/managers/AdvancementSyncManager.java:[10,31] Symbol nicht gefunden
  Symbol: Klasse PlayerAdvancementDoneEvent
  Ort: Package org.bukkit.event.player
[ERROR] /D:/PlayerDataSync/src/main/java/com/example/playerdatasync/managers/AdvancementSyncManager.java:[35,40] Symbol nicht gefunden
  Symbol: Klasse NamespacedKey
  Ort: Klasse com.example.playerdatasync.managers.AdvancementSyncManager
[ERROR] /D:/PlayerDataSync/src/main/java/com/example/playerdatasync/managers/AdvancementSyncManager.java:[67,40] Symbol nicht gefunden
  Symbol: Klasse PlayerAdvancementDoneEvent
  Ort: Klasse com.example.playerdatasync.managers.AdvancementSyncManager
[ERROR] /D:/PlayerDataSync/src/main/java/com/example/playerdatasync/managers/AdvancementSyncManager.java:[285,17] Symbol nicht gefunden
  Symbol: Klasse NamespacedKey
  Ort: Klasse com.example.playerdatasync.managers.AdvancementSyncManager
[ERROR] /D:/PlayerDataSync/src/main/java/com/example/playerdatasync/commands/SyncCommand.java:[11,28] Package org.bukkit.attribute ist nicht vorhanden
[ERROR] /D:/PlayerDataSync/src/main/java/com/example/playerdatasync/database/SQLDatabaseManager.java:[9,18] Symbol nicht gefunden
  Symbol: Klasse NamespacedKey
  Ort: Package org.bukkit
[ERROR] /D:/PlayerDataSync/src/main/java/com/example/playerdatasync/database/SQLDatabaseManager.java:[10,30] Package org.bukkit.advancement ist nicht vorhanden
[ERROR] /D:/PlayerDataSync/src/main/java/com/example/playerdatasync/database/SQLDatabaseManager.java:[11,30] Package org.bukkit.advancement ist nicht vorhanden
[ERROR] /D:/PlayerDataSync/src/main/java/com/example/playerdatasync/core/PlayerDataSync.java:[926,55] Symbol nicht gefunden
  Symbol: Methode getAPIVersion()
  Ort: Klasse org.bukkit.plugin.PluginDescriptionFile
[ERROR] /D:/PlayerDataSync/src/main/java/com/example/playerdatasync/core/PlayerDataSync.java:[974,41] Package org.bukkit.attribute ist nicht vorhanden
[ERROR] /D:/PlayerDataSync/src/main/java/com/example/playerdatasync/managers/AdvancementSyncManager.java:[68,9] Symbol nicht gefunden
  Symbol: Klasse Advancement
  Ort: Klasse com.example.playerdatasync.managers.AdvancementSyncManager
[ERROR] /D:/PlayerDataSync/src/main/java/com/example/playerdatasync/managers/AdvancementSyncManager.java:[161,14] Symbol nicht gefunden
  Symbol: Klasse NamespacedKey
  Ort: Klasse com.example.playerdatasync.managers.AdvancementSyncManager
[ERROR] /D:/PlayerDataSync/src/main/java/com/example/playerdatasync/managers/AdvancementSyncManager.java:[191,18] Symbol nicht gefunden
  Symbol: Klasse NamespacedKey
  Ort: Klasse com.example.playerdatasync.managers.AdvancementSyncManager
[ERROR] /D:/PlayerDataSync/src/main/java/com/example/playerdatasync/managers/AdvancementSyncManager.java:[206,21] Symbol nicht gefunden
  Symbol: Klasse NamespacedKey
[ERROR] /D:/PlayerDataSync/src/main/java/com/example/playerdatasync/managers/AdvancementSyncManager.java:[207,21] Symbol nicht gefunden
  Symbol: Klasse Advancement
[ERROR] /D:/PlayerDataSync/src/main/java/com/example/playerdatasync/managers/AdvancementSyncManager.java:[212,21] Symbol nicht gefunden
  Symbol: Klasse AdvancementProgress
[ERROR] /D:/PlayerDataSync/src/main/java/com/example/playerdatasync/managers/AdvancementSyncManager.java:[250,18] Symbol nicht gefunden
  Symbol: Klasse Advancement
  Ort: Klasse com.example.playerdatasync.managers.AdvancementSyncManager
[ERROR] /D:/PlayerDataSync/src/main/java/com/example/playerdatasync/managers/AdvancementSyncManager.java:[250,60] Symbol nicht gefunden
  Symbol: Methode advancementIterator()
  Ort: Schnittstelle org.bukkit.Server
[ERROR] /D:/PlayerDataSync/src/main/java/com/example/playerdatasync/managers/AdvancementSyncManager.java:[264,21] Symbol nicht gefunden
  Symbol: Klasse Advancement
[ERROR] /D:/PlayerDataSync/src/main/java/com/example/playerdatasync/managers/MenuManager.java:[33,64] Symbol nicht gefunden
  Symbol: Variable EXPERIENCE_BOTTLE
  Ort: Klasse org.bukkit.Material
[ERROR] /D:/PlayerDataSync/src/main/java/com/example/playerdatasync/managers/MenuManager.java:[34,76] Symbol nicht gefunden
  Symbol: Variable GRASS_BLOCK
  Ort: Klasse org.bukkit.Material
[ERROR] /D:/PlayerDataSync/src/main/java/com/example/playerdatasync/managers/MenuManager.java:[38,74] Symbol nicht gefunden
  Symbol: Variable SHIELD
  Ort: Klasse org.bukkit.Material
[ERROR] /D:/PlayerDataSync/src/main/java/com/example/playerdatasync/managers/MenuManager.java:[43,81] Symbol nicht gefunden
  Symbol: Variable WRITABLE_BOOK
  Ort: Klasse org.bukkit.Material
[ERROR] /D:/PlayerDataSync/src/main/java/com/example/playerdatasync/integration/InventoryViewerIntegrationManager.java:[350,40] Symbol nicht gefunden
  Symbol: Variable GRAY_STAINED_GLASS_PANE
  Ort: Klasse org.bukkit.Material
[ERROR] /D:/PlayerDataSync/src/main/java/com/example/playerdatasync/integration/InventoryViewerIntegrationManager.java:[357,36] Symbol nicht gefunden
  Symbol: Variable GLASS_PANE
  Ort: Klasse org.bukkit.Material
[ERROR] /D:/PlayerDataSync/src/main/java/com/example/playerdatasync/commands/SyncCommand.java:[382,17] Symbol nicht gefunden
  Symbol: Klasse AttributeInstance
  Ort: Klasse com.example.playerdatasync.commands.SyncCommand
[ERROR] /D:/PlayerDataSync/src/main/java/com/example/playerdatasync/commands/SyncCommand.java:[382,82] Package org.bukkit.attribute ist nicht vorhanden
[ERROR] /D:/PlayerDataSync/src/main/java/com/example/playerdatasync/database/SQLDatabaseManager.java:[355,98] Symbol nicht gefunden
  Symbol: Methode getItemInOffHand()
  Ort: Schnittstelle org.bukkit.inventory.PlayerInventory
[ERROR] /D:/PlayerDataSync/src/main/java/com/example/playerdatasync/database/SQLDatabaseManager.java:[379,37] Package org.bukkit.attribute ist nicht vorhanden
[ERROR] /D:/PlayerDataSync/src/main/java/com/example/playerdatasync/database/SQLDatabaseManager.java:[380,59] Package org.bukkit.attribute ist nicht vorhanden
[ERROR] /D:/PlayerDataSync/src/main/java/com/example/playerdatasync/database/SQLDatabaseManager.java:[581,81] Symbol nicht gefunden
  Symbol: Methode getPersistentDataContainer()
  Ort: Schnittstelle org.bukkit.inventory.meta.ItemMeta
[ERROR] /D:/PlayerDataSync/src/main/java/com/example/playerdatasync/database/SQLDatabaseManager.java:[583,89] Symbol nicht gefunden
  Symbol: Methode getPersistentDataContainer()
  Ort: Schnittstelle org.bukkit.inventory.meta.ItemMeta
[ERROR] /D:/PlayerDataSync/src/main/java/com/example/playerdatasync/database/SQLDatabaseManager.java:[617,61] Package org.bukkit.attribute ist nicht vorhanden
[ERROR] /D:/PlayerDataSync/src/main/java/com/example/playerdatasync/database/SQLDatabaseManager.java:[618,83] Package org.bukkit.attribute ist nicht vorhanden
[ERROR] /D:/PlayerDataSync/src/main/java/com/example/playerdatasync/database/SQLDatabaseManager.java:[692,66] Symbol nicht gefunden
  Symbol: Methode setItemInOffHand(org.bukkit.inventory.ItemStack)
  Ort: Schnittstelle org.bukkit.inventory.PlayerInventory
[ERROR] /D:/PlayerDataSync/src/main/java/com/example/playerdatasync/database/SQLDatabaseManager.java:[699,101] Symbol nicht gefunden
  Symbol: Methode getItemInOffHand()
  Ort: Schnittstelle org.bukkit.inventory.PlayerInventory
[ERROR] /D:/PlayerDataSync/src/main/java/com/example/playerdatasync/database/SQLDatabaseManager.java:[700,74] Symbol nicht gefunden
  Symbol: Methode setItemInOffHand(org.bukkit.inventory.ItemStack)
  Ort: Schnittstelle org.bukkit.inventory.PlayerInventory
[ERROR] /D:/PlayerDataSync/src/main/java/com/example/playerdatasync/database/SQLDatabaseManager.java:[983,26] Symbol nicht gefunden
  Symbol: Klasse Advancement
  Ort: Klasse com.example.playerdatasync.database.SQLDatabaseManager
[ERROR] /D:/PlayerDataSync/src/main/java/com/example/playerdatasync/database/SQLDatabaseManager.java:[983,62] Symbol nicht gefunden
  Symbol: Methode advancementIterator()
  Ort: Schnittstelle org.bukkit.Server
[ERROR] /D:/PlayerDataSync/src/main/java/com/example/playerdatasync/database/SQLDatabaseManager.java:[1033,22] Symbol nicht gefunden
  Symbol: Klasse Advancement
  Ort: Klasse com.example.playerdatasync.database.SQLDatabaseManager
[ERROR] /D:/PlayerDataSync/src/main/java/com/example/playerdatasync/database/SQLDatabaseManager.java:[1033,58] Symbol nicht gefunden
  Symbol: Methode advancementIterator()
  Ort: Schnittstelle org.bukkit.Server
[ERROR] /D:/PlayerDataSync/src/main/java/com/example/playerdatasync/database/SQLDatabaseManager.java:[1058,17] Symbol nicht gefunden
  Symbol: Klasse Advancement
  Ort: Klasse com.example.playerdatasync.database.SQLDatabaseManager
[ERROR] /D:/PlayerDataSync/src/main/java/com/example/playerdatasync/database/SQLDatabaseManager.java:[1065,21] Symbol nicht gefunden
  Symbol: Klasse AdvancementProgress
  Ort: Klasse com.example.playerdatasync.database.SQLDatabaseManager
[ERROR] /D:/PlayerDataSync/src/main/java/com/example/playerdatasync/database/SQLDatabaseManager.java:[1127,51] Symbol nicht gefunden
  Symbol: Methode hasIcon()
  Ort: Variable effect von Typ org.bukkit.potion.PotionEffect
[ERROR] /D:/PlayerDataSync/src/main/java/com/example/playerdatasync/database/SQLDatabaseManager.java:[1180,49] Package org.bukkit.attribute ist nicht vorhanden
[ERROR] /D:/PlayerDataSync/src/main/java/com/example/playerdatasync/database/SQLDatabaseManager.java:[1181,72] Package org.bukkit.attribute ist nicht vorhanden
[ERROR] /D:/PlayerDataSync/src/main/java/com/example/playerdatasync/database/SQLDatabaseManager.java:[1198,84] Package org.bukkit.attribute ist nicht vorhanden
[ERROR] /D:/PlayerDataSync/src/main/java/com/example/playerdatasync/database/SQLDatabaseManager.java:[1198,46] Package org.bukkit.attribute ist nicht vorhanden
[ERROR] /D:/PlayerDataSync/src/main/java/com/example/playerdatasync/database/SQLDatabaseManager.java:[1200,49] Package org.bukkit.attribute ist nicht vorhanden
[ERROR] /D:/PlayerDataSync/src/main/java/com/example/playerdatasync/database/SQLDatabaseManager.java:[1214,80] Package org.bukkit.attribute ist nicht vorhanden
[ERROR] /D:/PlayerDataSync/src/main/java/com/example/playerdatasync/database/SQLDatabaseManager.java:[1214,42] Package org.bukkit.attribute ist nicht vorhanden
[ERROR] /D:/PlayerDataSync/src/main/java/com/example/playerdatasync/database/SQLDatabaseManager.java:[1216,45] Package org.bukkit.attribute ist nicht vorhanden
[ERROR] /D:/PlayerDataSync/src/main/java/com/example/playerdatasync/database/SQLDatabaseManager.java:[1278,29] Symbol nicht gefunden
  Symbol: Klasse NamespacedKey
  Ort: Klasse com.example.playerdatasync.database.SQLDatabaseManager
[ERROR] /D:/PlayerDataSync/src/main/java/com/example/playerdatasync/database/SQLDatabaseManager.java:[1278,49] Symbol nicht gefunden
  Symbol: Variable NamespacedKey
  Ort: Klasse com.example.playerdatasync.database.SQLDatabaseManager
[ERROR] /D:/PlayerDataSync/src/main/java/com/example/playerdatasync/database/SQLDatabaseManager.java:[1284,29] Symbol nicht gefunden
  Symbol: Klasse Advancement
  Ort: Klasse com.example.playerdatasync.database.SQLDatabaseManager
[ERROR] /D:/PlayerDataSync/src/main/java/com/example/playerdatasync/database/SQLDatabaseManager.java:[1290,29] Symbol nicht gefunden
  Symbol: Klasse AdvancementProgress
  Ort: Klasse com.example.playerdatasync.database.SQLDatabaseManager
[ERROR] /D:/PlayerDataSync/src/main/java/com/example/playerdatasync/database/SQLDatabaseManager.java:[1358,69] Konstruktor f³r PotionEffect(org.bukkit.potion.PotionEffectType,int,int,boolean,boolean,boolean) nicht geeignet
    Konstruktor org.bukkit.potion.PotionEffect.PotionEffect(org.bukkit.potion.PotionEffectType,int,int,boolean,boolean) ist nicht anwendbar
      (Liste der tatsõchlichen Argumente hat eine andere Lõnge als die der formalen Argumente)
    Konstruktor org.bukkit.potion.PotionEffect.PotionEffect(org.bukkit.potion.PotionEffectType,int,int,boolean) ist nicht anwendbar
      (Liste der tatsõchlichen Argumente hat eine andere Lõnge als die der formalen Argumente)
    Konstruktor org.bukkit.potion.PotionEffect.PotionEffect(org.bukkit.potion.PotionEffectType,int,int) ist nicht anwendbar
      (Liste der tatsõchlichen Argumente hat eine andere Lõnge als die der formalen Argumente)
    Konstruktor org.bukkit.potion.PotionEffect.PotionEffect(java.util.Map<java.lang.String,java.lang.Object>) ist nicht anwendbar
      (Liste der tatsõchlichen Argumente hat eine andere Lõnge als die der formalen Argumente)
[ERROR] /D:/PlayerDataSync/src/main/java/com/example/playerdatasync/database/SQLDatabaseManager.java:[1419,45] Package org.bukkit.attribute ist nicht vorhanden
[ERROR] /D:/PlayerDataSync/src/main/java/com/example/playerdatasync/database/SQLDatabaseManager.java:[1419,83] Package org.bukkit.attribute ist nicht vorhanden
[ERROR] /D:/PlayerDataSync/src/main/java/com/example/playerdatasync/database/SQLDatabaseManager.java:[1422,45] Package org.bukkit.attribute ist nicht vorhanden
[ERROR] /D:/PlayerDataSync/src/main/java/com/example/playerdatasync/listeners/ServerSwitchListener.java:[89,42] Symbol nicht gefunden
  Symbol: Methode setItemInOffHand(<nulltype>)
  Ort: Schnittstelle org.bukkit.inventory.PlayerInventory
[INFO] 64 errors 
[INFO] -------------------------------------------------------------
[INFO] ------------------------------------------------------------------------
[INFO] BUILD FAILURE
[INFO] ------------------------------------------------------------------------
[INFO] Total time:  5.646 s
[INFO] Finished at: 2026-03-11T11:40:41+01:00
[INFO] ------------------------------------------------------------------------
[ERROR] Failed to execute goal org.apache.maven.plugins:maven-compiler-plugin:3.11.0:compile (default-compile) on project PlayerDataSync: Compilation failure: Compilation failure: 
[ERROR] /D:/PlayerDataSync/src/main/java/com/example/playerdatasync/managers/AdvancementSyncManager.java:[4,18] Symbol nicht gefunden
[ERROR]   Symbol: Klasse NamespacedKey
[ERROR]   Ort: Package org.bukkit
[ERROR] /D:/PlayerDataSync/src/main/java/com/example/playerdatasync/managers/AdvancementSyncManager.java:[5,30] Package org.bukkit.advancement ist nicht vorhanden
[ERROR] /D:/PlayerDataSync/src/main/java/com/example/playerdatasync/managers/AdvancementSyncManager.java:[6,30] Package org.bukkit.advancement ist nicht vorhanden
[ERROR] /D:/PlayerDataSync/src/main/java/com/example/playerdatasync/managers/AdvancementSyncManager.java:[10,31] Symbol nicht gefunden
[ERROR]   Symbol: Klasse PlayerAdvancementDoneEvent
[ERROR]   Ort: Package org.bukkit.event.player
[ERROR] /D:/PlayerDataSync/src/main/java/com/example/playerdatasync/managers/AdvancementSyncManager.java:[35,40] Symbol nicht gefunden
[ERROR]   Symbol: Klasse NamespacedKey
[ERROR]   Ort: Klasse com.example.playerdatasync.managers.AdvancementSyncManager
[ERROR] /D:/PlayerDataSync/src/main/java/com/example/playerdatasync/managers/AdvancementSyncManager.java:[67,40] Symbol nicht gefunden
[ERROR]   Symbol: Klasse PlayerAdvancementDoneEvent
[ERROR]   Ort: Klasse com.example.playerdatasync.managers.AdvancementSyncManager
[ERROR] /D:/PlayerDataSync/src/main/java/com/example/playerdatasync/managers/AdvancementSyncManager.java:[285,17] Symbol nicht gefunden
[ERROR]   Symbol: Klasse NamespacedKey
[ERROR]   Ort: Klasse com.example.playerdatasync.managers.AdvancementSyncManager
[ERROR] /D:/PlayerDataSync/src/main/java/com/example/playerdatasync/commands/SyncCommand.java:[11,28] Package org.bukkit.attribute ist nicht vorhanden
[ERROR] /D:/PlayerDataSync/src/main/java/com/example/playerdatasync/database/SQLDatabaseManager.java:[9,18] Symbol nicht gefunden
[ERROR]   Symbol: Klasse NamespacedKey
[ERROR]   Ort: Package org.bukkit
[ERROR] /D:/PlayerDataSync/src/main/java/com/example/playerdatasync/database/SQLDatabaseManager.java:[10,30] Package org.bukkit.advancement ist nicht vorhanden
[ERROR] /D:/PlayerDataSync/src/main/java/com/example/playerdatasync/database/SQLDatabaseManager.java:[11,30] Package org.bukkit.advancement ist nicht vorhanden
[ERROR] /D:/PlayerDataSync/src/main/java/com/example/playerdatasync/core/PlayerDataSync.java:[926,55] Symbol nicht gefunden
[ERROR]   Symbol: Methode getAPIVersion()
[ERROR]   Ort: Klasse org.bukkit.plugin.PluginDescriptionFile
[ERROR] /D:/PlayerDataSync/src/main/java/com/example/playerdatasync/core/PlayerDataSync.java:[974,41] Package org.bukkit.attribute ist nicht vorhanden
[ERROR] /D:/PlayerDataSync/src/main/java/com/example/playerdatasync/managers/AdvancementSyncManager.java:[68,9] Symbol nicht gefunden
[ERROR]   Symbol: Klasse Advancement
[ERROR]   Ort: Klasse com.example.playerdatasync.managers.AdvancementSyncManager
[ERROR] /D:/PlayerDataSync/src/main/java/com/example/playerdatasync/managers/AdvancementSyncManager.java:[161,14] Symbol nicht gefunden
[ERROR]   Symbol: Klasse NamespacedKey
[ERROR]   Ort: Klasse com.example.playerdatasync.managers.AdvancementSyncManager
[ERROR] /D:/PlayerDataSync/src/main/java/com/example/playerdatasync/managers/AdvancementSyncManager.java:[191,18] Symbol nicht gefunden
[ERROR]   Symbol: Klasse NamespacedKey
[ERROR]   Ort: Klasse com.example.playerdatasync.managers.AdvancementSyncManager
[ERROR] /D:/PlayerDataSync/src/main/java/com/example/playerdatasync/managers/AdvancementSyncManager.java:[206,21] Symbol nicht gefunden
[ERROR]   Symbol: Klasse NamespacedKey
[ERROR] /D:/PlayerDataSync/src/main/java/com/example/playerdatasync/managers/AdvancementSyncManager.java:[207,21] Symbol nicht gefunden
[ERROR]   Symbol: Klasse Advancement
[ERROR] /D:/PlayerDataSync/src/main/java/com/example/playerdatasync/managers/AdvancementSyncManager.java:[212,21] Symbol nicht gefunden
[ERROR]   Symbol: Klasse AdvancementProgress
[ERROR] /D:/PlayerDataSync/src/main/java/com/example/playerdatasync/managers/AdvancementSyncManager.java:[250,18] Symbol nicht gefunden
[ERROR]   Symbol: Klasse Advancement
[ERROR]   Ort: Klasse com.example.playerdatasync.managers.AdvancementSyncManager
[ERROR] /D:/PlayerDataSync/src/main/java/com/example/playerdatasync/managers/AdvancementSyncManager.java:[250,60] Symbol nicht gefunden
[ERROR]   Symbol: Methode advancementIterator()
[ERROR]   Ort: Schnittstelle org.bukkit.Server
[ERROR] /D:/PlayerDataSync/src/main/java/com/example/playerdatasync/managers/AdvancementSyncManager.java:[264,21] Symbol nicht gefunden
[ERROR]   Symbol: Klasse Advancement
[ERROR] /D:/PlayerDataSync/src/main/java/com/example/playerdatasync/managers/MenuManager.java:[33,64] Symbol nicht gefunden
[ERROR]   Symbol: Variable EXPERIENCE_BOTTLE
[ERROR]   Ort: Klasse org.bukkit.Material
[ERROR] /D:/PlayerDataSync/src/main/java/com/example/playerdatasync/managers/MenuManager.java:[34,76] Symbol nicht gefunden
[ERROR]   Symbol: Variable GRASS_BLOCK
[ERROR]   Ort: Klasse org.bukkit.Material
[ERROR] /D:/PlayerDataSync/src/main/java/com/example/playerdatasync/managers/MenuManager.java:[38,74] Symbol nicht gefunden
[ERROR]   Symbol: Variable SHIELD
[ERROR]   Ort: Klasse org.bukkit.Material
[ERROR] /D:/PlayerDataSync/src/main/java/com/example/playerdatasync/managers/MenuManager.java:[43,81] Symbol nicht gefunden
[ERROR]   Symbol: Variable WRITABLE_BOOK
[ERROR]   Ort: Klasse org.bukkit.Material
[ERROR] /D:/PlayerDataSync/src/main/java/com/example/playerdatasync/integration/InventoryViewerIntegrationManager.java:[350,40] Symbol nicht gefunden
[ERROR]   Symbol: Variable GRAY_STAINED_GLASS_PANE
[ERROR]   Ort: Klasse org.bukkit.Material
[ERROR] /D:/PlayerDataSync/src/main/java/com/example/playerdatasync/integration/InventoryViewerIntegrationManager.java:[357,36] Symbol nicht gefunden
[ERROR]   Symbol: Variable GLASS_PANE
[ERROR]   Ort: Klasse org.bukkit.Material
[ERROR] /D:/PlayerDataSync/src/main/java/com/example/playerdatasync/commands/SyncCommand.java:[382,17] Symbol nicht gefunden
[ERROR]   Symbol: Klasse AttributeInstance
[ERROR]   Ort: Klasse com.example.playerdatasync.commands.SyncCommand
[ERROR] /D:/PlayerDataSync/src/main/java/com/example/playerdatasync/commands/SyncCommand.java:[382,82] Package org.bukkit.attribute ist nicht vorhanden
[ERROR] /D:/PlayerDataSync/src/main/java/com/example/playerdatasync/database/SQLDatabaseManager.java:[355,98] Symbol nicht gefunden
[ERROR]   Symbol: Methode getItemInOffHand()
[ERROR]   Ort: Schnittstelle org.bukkit.inventory.PlayerInventory
[ERROR] /D:/PlayerDataSync/src/main/java/com/example/playerdatasync/database/SQLDatabaseManager.java:[379,37] Package org.bukkit.attribute ist nicht vorhanden
[ERROR] /D:/PlayerDataSync/src/main/java/com/example/playerdatasync/database/SQLDatabaseManager.java:[380,59] Package org.bukkit.attribute ist nicht vorhanden
[ERROR] /D:/PlayerDataSync/src/main/java/com/example/playerdatasync/database/SQLDatabaseManager.java:[581,81] Symbol nicht gefunden
[ERROR]   Symbol: Methode getPersistentDataContainer()
[ERROR]   Ort: Schnittstelle org.bukkit.inventory.meta.ItemMeta
[ERROR] /D:/PlayerDataSync/src/main/java/com/example/playerdatasync/database/SQLDatabaseManager.java:[583,89] Symbol nicht gefunden
[ERROR]   Symbol: Methode getPersistentDataContainer()
[ERROR]   Ort: Schnittstelle org.bukkit.inventory.meta.ItemMeta
[ERROR] /D:/PlayerDataSync/src/main/java/com/example/playerdatasync/database/SQLDatabaseManager.java:[617,61] Package org.bukkit.attribute ist nicht vorhanden
[ERROR] /D:/PlayerDataSync/src/main/java/com/example/playerdatasync/database/SQLDatabaseManager.java:[618,83] Package org.bukkit.attribute ist nicht vorhanden
[ERROR] /D:/PlayerDataSync/src/main/java/com/example/playerdatasync/database/SQLDatabaseManager.java:[692,66] Symbol nicht gefunden
[ERROR]   Symbol: Methode setItemInOffHand(org.bukkit.inventory.ItemStack)
[ERROR]   Ort: Schnittstelle org.bukkit.inventory.PlayerInventory
[ERROR] /D:/PlayerDataSync/src/main/java/com/example/playerdatasync/database/SQLDatabaseManager.java:[699,101] Symbol nicht gefunden
[ERROR]   Symbol: Methode getItemInOffHand()
[ERROR]   Ort: Schnittstelle org.bukkit.inventory.PlayerInventory
[ERROR] /D:/PlayerDataSync/src/main/java/com/example/playerdatasync/database/SQLDatabaseManager.java:[700,74] Symbol nicht gefunden
[ERROR]   Symbol: Methode setItemInOffHand(org.bukkit.inventory.ItemStack)
[ERROR]   Ort: Schnittstelle org.bukkit.inventory.PlayerInventory
[ERROR] /D:/PlayerDataSync/src/main/java/com/example/playerdatasync/database/SQLDatabaseManager.java:[983,26] Symbol nicht gefunden
[ERROR]   Symbol: Klasse Advancement
[ERROR]   Ort: Klasse com.example.playerdatasync.database.SQLDatabaseManager
[ERROR] /D:/PlayerDataSync/src/main/java/com/example/playerdatasync/database/SQLDatabaseManager.java:[983,62] Symbol nicht gefunden
[ERROR]   Symbol: Methode advancementIterator()
[ERROR]   Ort: Schnittstelle org.bukkit.Server
[ERROR] /D:/PlayerDataSync/src/main/java/com/example/playerdatasync/database/SQLDatabaseManager.java:[1033,22] Symbol nicht gefunden
[ERROR]   Symbol: Klasse Advancement
[ERROR]   Ort: Klasse com.example.playerdatasync.database.SQLDatabaseManager
[ERROR] /D:/PlayerDataSync/src/main/java/com/example/playerdatasync/database/SQLDatabaseManager.java:[1033,58] Symbol nicht gefunden
[ERROR]   Symbol: Methode advancementIterator()
[ERROR]   Ort: Schnittstelle org.bukkit.Server
[ERROR] /D:/PlayerDataSync/src/main/java/com/example/playerdatasync/database/SQLDatabaseManager.java:[1058,17] Symbol nicht gefunden
[ERROR]   Symbol: Klasse Advancement
[ERROR]   Ort: Klasse com.example.playerdatasync.database.SQLDatabaseManager
[ERROR] /D:/PlayerDataSync/src/main/java/com/example/playerdatasync/database/SQLDatabaseManager.java:[1065,21] Symbol nicht gefunden
[ERROR]   Symbol: Klasse AdvancementProgress
[ERROR]   Ort: Klasse com.example.playerdatasync.database.SQLDatabaseManager
[ERROR] /D:/PlayerDataSync/src/main/java/com/example/playerdatasync/database/SQLDatabaseManager.java:[1127,51] Symbol nicht gefunden
[ERROR]   Symbol: Methode hasIcon()
[ERROR]   Ort: Variable effect von Typ org.bukkit.potion.PotionEffect
[ERROR] /D:/PlayerDataSync/src/main/java/com/example/playerdatasync/database/SQLDatabaseManager.java:[1180,49] Package org.bukkit.attribute ist nicht vorhanden
[ERROR] /D:/PlayerDataSync/src/main/java/com/example/playerdatasync/database/SQLDatabaseManager.java:[1181,72] Package org.bukkit.attribute ist nicht vorhanden
[ERROR] /D:/PlayerDataSync/src/main/java/com/example/playerdatasync/database/SQLDatabaseManager.java:[1198,84] Package org.bukkit.attribute ist nicht vorhanden
[ERROR] /D:/PlayerDataSync/src/main/java/com/example/playerdatasync/database/SQLDatabaseManager.java:[1198,46] Package org.bukkit.attribute ist nicht vorhanden
[ERROR] /D:/PlayerDataSync/src/main/java/com/example/playerdatasync/database/SQLDatabaseManager.java:[1200,49] Package org.bukkit.attribute ist nicht vorhanden
[ERROR] /D:/PlayerDataSync/src/main/java/com/example/playerdatasync/database/SQLDatabaseManager.java:[1214,80] Package org.bukkit.attribute ist nicht vorhanden
[ERROR] /D:/PlayerDataSync/src/main/java/com/example/playerdatasync/database/SQLDatabaseManager.java:[1214,42] Package org.bukkit.attribute ist nicht vorhanden
[ERROR] /D:/PlayerDataSync/src/main/java/com/example/playerdatasync/database/SQLDatabaseManager.java:[1216,45] Package org.bukkit.attribute ist nicht vorhanden
[ERROR] /D:/PlayerDataSync/src/main/java/com/example/playerdatasync/database/SQLDatabaseManager.java:[1278,29] Symbol nicht gefunden
[ERROR]   Symbol: Klasse NamespacedKey
[ERROR]   Ort: Klasse com.example.playerdatasync.database.SQLDatabaseManager
[ERROR] /D:/PlayerDataSync/src/main/java/com/example/playerdatasync/database/SQLDatabaseManager.java:[1278,49] Symbol nicht gefunden
[ERROR]   Symbol: Variable NamespacedKey
[ERROR]   Ort: Klasse com.example.playerdatasync.database.SQLDatabaseManager
[ERROR] /D:/PlayerDataSync/src/main/java/com/example/playerdatasync/database/SQLDatabaseManager.java:[1284,29] Symbol nicht gefunden
[ERROR]   Symbol: Klasse Advancement
[ERROR]   Ort: Klasse com.example.playerdatasync.database.SQLDatabaseManager
[ERROR] /D:/PlayerDataSync/src/main/java/com/example/playerdatasync/database/SQLDatabaseManager.java:[1290,29] Symbol nicht gefunden
[ERROR]   Symbol: Klasse AdvancementProgress
[ERROR]   Ort: Klasse com.example.playerdatasync.database.SQLDatabaseManager
[ERROR] /D:/PlayerDataSync/src/main/java/com/example/playerdatasync/database/SQLDatabaseManager.java:[1358,69] Konstruktor f³r PotionEffect(org.bukkit.potion.PotionEffectType,int,int,boolean,boolean,boolean) nicht geeignet
[ERROR]     Konstruktor org.bukkit.potion.PotionEffect.PotionEffect(org.bukkit.potion.PotionEffectType,int,int,boolean,boolean) ist nicht anwendbar
[ERROR]       (Liste der tatsõchlichen Argumente hat eine andere Lõnge als die der formalen Argumente)
[ERROR]     Konstruktor org.bukkit.potion.PotionEffect.PotionEffect(org.bukkit.potion.PotionEffectType,int,int,boolean) ist nicht anwendbar
[ERROR]       (Liste der tatsõchlichen Argumente hat eine andere Lõnge als die der formalen Argumente)
[ERROR]     Konstruktor org.bukkit.potion.PotionEffect.PotionEffect(org.bukkit.potion.PotionEffectType,int,int) ist nicht anwendbar
[ERROR]       (Liste der tatsõchlichen Argumente hat eine andere Lõnge als die der formalen Argumente)
[ERROR]     Konstruktor org.bukkit.potion.PotionEffect.PotionEffect(java.util.Map<java.lang.String,java.lang.Object>) ist nicht anwendbar
[ERROR]       (Liste der tatsõchlichen Argumente hat eine andere Lõnge als die der formalen Argumente)
[ERROR] /D:/PlayerDataSync/src/main/java/com/example/playerdatasync/database/SQLDatabaseManager.java:[1419,45] Package org.bukkit.attribute ist nicht vorhanden
[ERROR] /D:/PlayerDataSync/src/main/java/com/example/playerdatasync/database/SQLDatabaseManager.java:[1419,83] Package org.bukkit.attribute ist nicht vorhanden
[ERROR] /D:/PlayerDataSync/src/main/java/com/example/playerdatasync/database/SQLDatabaseManager.java:[1422,45] Package org.bukkit.attribute ist nicht vorhanden
[ERROR] /D:/PlayerDataSync/src/main/java/com/example/playerdatasync/listeners/ServerSwitchListener.java:[89,42] Symbol nicht gefunden
[ERROR]   Symbol: Methode setItemInOffHand(<nulltype>)
[ERROR]   Ort: Schnittstelle org.bukkit.inventory.PlayerInventory
[ERROR] -> [Help 1]
[ERROR] 
[ERROR] To see the full stack trace of the errors, re-run Maven with the -e switch.
[ERROR] Re-run Maven using the -X switch to enable full debug logging.
[ERROR] 
[ERROR] For more information about the errors and possible solutions, please read the following articles:
[ERROR] [Help 1] http://cwiki.apache.org/confluence/display/MAVEN/MojoFailureException
